Archive member included to satisfy reference by file (symbol)

d:/stm32/stm32cubeide/stm32cubeide_1.2.0/stm32cubeide/plugins/com.st.stm32cube.ide.mcu.externaltools.gnu-tools-for-stm32.7-2018-q2-update.win32_1.0.0.201904181610/tools/bin/../lib/gcc/arm-none-eabi/7.3.1/../../../../arm-none-eabi/lib/thumb/v7e-m/fpv4-sp/hard\libc_nano.a(lib_a-errno.o)
                              Core/Src/syscalls.o (__errno)
d:/stm32/stm32cubeide/stm32cubeide_1.2.0/stm32cubeide/plugins/com.st.stm32cube.ide.mcu.externaltools.gnu-tools-for-stm32.7-2018-q2-update.win32_1.0.0.201904181610/tools/bin/../lib/gcc/arm-none-eabi/7.3.1/../../../../arm-none-eabi/lib/thumb/v7e-m/fpv4-sp/hard\libc_nano.a(lib_a-exit.o)
                              d:/stm32/stm32cubeide/stm32cubeide_1.2.0/stm32cubeide/plugins/com.st.stm32cube.ide.mcu.externaltools.gnu-tools-for-stm32.7-2018-q2-update.win32_1.0.0.201904181610/tools/bin/../lib/gcc/arm-none-eabi/7.3.1/../../../../arm-none-eabi/lib/thumb/v7e-m/fpv4-sp/hard/crt0.o (exit)
d:/stm32/stm32cubeide/stm32cubeide_1.2.0/stm32cubeide/plugins/com.st.stm32cube.ide.mcu.externaltools.gnu-tools-for-stm32.7-2018-q2-update.win32_1.0.0.201904181610/tools/bin/../lib/gcc/arm-none-eabi/7.3.1/../../../../arm-none-eabi/lib/thumb/v7e-m/fpv4-sp/hard\libc_nano.a(lib_a-impure.o)
                              d:/stm32/stm32cubeide/stm32cubeide_1.2.0/stm32cubeide/plugins/com.st.stm32cube.ide.mcu.externaltools.gnu-tools-for-stm32.7-2018-q2-update.win32_1.0.0.201904181610/tools/bin/../lib/gcc/arm-none-eabi/7.3.1/../../../../arm-none-eabi/lib/thumb/v7e-m/fpv4-sp/hard\libc_nano.a(lib_a-exit.o) (_global_impure_ptr)
d:/stm32/stm32cubeide/stm32cubeide_1.2.0/stm32cubeide/plugins/com.st.stm32cube.ide.mcu.externaltools.gnu-tools-for-stm32.7-2018-q2-update.win32_1.0.0.201904181610/tools/bin/../lib/gcc/arm-none-eabi/7.3.1/../../../../arm-none-eabi/lib/thumb/v7e-m/fpv4-sp/hard\libc_nano.a(lib_a-init.o)
                              d:/stm32/stm32cubeide/stm32cubeide_1.2.0/stm32cubeide/plugins/com.st.stm32cube.ide.mcu.externaltools.gnu-tools-for-stm32.7-2018-q2-update.win32_1.0.0.201904181610/tools/bin/../lib/gcc/arm-none-eabi/7.3.1/../../../../arm-none-eabi/lib/thumb/v7e-m/fpv4-sp/hard/crt0.o (__libc_init_array)
d:/stm32/stm32cubeide/stm32cubeide_1.2.0/stm32cubeide/plugins/com.st.stm32cube.ide.mcu.externaltools.gnu-tools-for-stm32.7-2018-q2-update.win32_1.0.0.201904181610/tools/bin/../lib/gcc/arm-none-eabi/7.3.1/../../../../arm-none-eabi/lib/thumb/v7e-m/fpv4-sp/hard\libc_nano.a(lib_a-memset.o)
                              d:/stm32/stm32cubeide/stm32cubeide_1.2.0/stm32cubeide/plugins/com.st.stm32cube.ide.mcu.externaltools.gnu-tools-for-stm32.7-2018-q2-update.win32_1.0.0.201904181610/tools/bin/../lib/gcc/arm-none-eabi/7.3.1/../../../../arm-none-eabi/lib/thumb/v7e-m/fpv4-sp/hard/crt0.o (memset)
d:/stm32/stm32cubeide/stm32cubeide_1.2.0/stm32cubeide/plugins/com.st.stm32cube.ide.mcu.externaltools.gnu-tools-for-stm32.7-2018-q2-update.win32_1.0.0.201904181610/tools/bin/../lib/gcc/arm-none-eabi/7.3.1/thumb/v7e-m/fpv4-sp/hard\libgcc.a(_aeabi_uldivmod.o)
                              Drivers/STM32G4xx_HAL_Driver/Src/stm32g4xx_hal_uart.o (__aeabi_uldivmod)
d:/stm32/stm32cubeide/stm32cubeide_1.2.0/stm32cubeide/plugins/com.st.stm32cube.ide.mcu.externaltools.gnu-tools-for-stm32.7-2018-q2-update.win32_1.0.0.201904181610/tools/bin/../lib/gcc/arm-none-eabi/7.3.1/thumb/v7e-m/fpv4-sp/hard\libgcc.a(_udivmoddi4.o)
                              d:/stm32/stm32cubeide/stm32cubeide_1.2.0/stm32cubeide/plugins/com.st.stm32cube.ide.mcu.externaltools.gnu-tools-for-stm32.7-2018-q2-update.win32_1.0.0.201904181610/tools/bin/../lib/gcc/arm-none-eabi/7.3.1/thumb/v7e-m/fpv4-sp/hard\libgcc.a(_aeabi_uldivmod.o) (__udivmoddi4)
d:/stm32/stm32cubeide/stm32cubeide_1.2.0/stm32cubeide/plugins/com.st.stm32cube.ide.mcu.externaltools.gnu-tools-for-stm32.7-2018-q2-update.win32_1.0.0.201904181610/tools/bin/../lib/gcc/arm-none-eabi/7.3.1/thumb/v7e-m/fpv4-sp/hard\libgcc.a(_dvmd_tls.o)
                              d:/stm32/stm32cubeide/stm32cubeide_1.2.0/stm32cubeide/plugins/com.st.stm32cube.ide.mcu.externaltools.gnu-tools-for-stm32.7-2018-q2-update.win32_1.0.0.201904181610/tools/bin/../lib/gcc/arm-none-eabi/7.3.1/thumb/v7e-m/fpv4-sp/hard\libgcc.a(_aeabi_uldivmod.o) (__aeabi_ldiv0)

Allocating common symbols
Common symbol       size              file

aRxBuffer2          0x1               Core/Src/main.o
htim4               0x40              Core/Src/main.o
uwTick              0x4               Drivers/STM32G4xx_HAL_Driver/Src/stm32g4xx_hal.o
htim3               0x40              Core/Src/main.o
huart1              0x8c              Core/Src/main.o
aRxBuffer           0x1               Core/Src/main.o
htim2               0x40              Core/Src/main.o
huart2              0x8c              Core/Src/main.o

Discarded input sections

[...]
Memory Configuration

Name             Origin             Length             Attributes
RAM              0x0000000020000000 0x0000000000008000 xrw
FLASH            0x0000000008000000 0x0000000000020000 xr
*default*        0x0000000000000000 0xffffffffffffffff

Linker script and memory map

LOAD d:/stm32/stm32cubeide/stm32cubeide_1.2.0/stm32cubeide/plugins/com.st.stm32cube.ide.mcu.externaltools.gnu-tools-for-stm32.7-2018-q2-update.win32_1.0.0.201904181610/tools/bin/../lib/gcc/arm-none-eabi/7.3.1/thumb/v7e-m/fpv4-sp/hard/crti.o
LOAD d:/stm32/stm32cubeide/stm32cubeide_1.2.0/stm32cubeide/plugins/com.st.stm32cube.ide.mcu.externaltools.gnu-tools-for-stm32.7-2018-q2-update.win32_1.0.0.201904181610/tools/bin/../lib/gcc/arm-none-eabi/7.3.1/thumb/v7e-m/fpv4-sp/hard/crtbegin.o
LOAD d:/stm32/stm32cubeide/stm32cubeide_1.2.0/stm32cubeide/plugins/com.st.stm32cube.ide.mcu.externaltools.gnu-tools-for-stm32.7-2018-q2-update.win32_1.0.0.201904181610/tools/bin/../lib/gcc/arm-none-eabi/7.3.1/../../../../arm-none-eabi/lib/thumb/v7e-m/fpv4-sp/hard/crt0.o
LOAD Core/Src/main.o
LOAD Core/Src/stm32g4xx_hal_msp.o
LOAD Core/Src/stm32g4xx_it.o
LOAD Core/Src/syscalls.o
LOAD Core/Src/sysmem.o
LOAD Core/Src/system_stm32g4xx.o
LOAD Core/Startup/startup_stm32g431rbtx.o
LOAD Drivers/STM32G4xx_HAL_Driver/Src/stm32g4xx_hal.o
LOAD Drivers/STM32G4xx_HAL_Driver/Src/stm32g4xx_hal_cortex.o
LOAD Drivers/STM32G4xx_HAL_Driver/Src/stm32g4xx_hal_dma.o
LOAD Drivers/STM32G4xx_HAL_Driver/Src/stm32g4xx_hal_dma_ex.o
LOAD Drivers/STM32G4xx_HAL_Driver/Src/stm32g4xx_hal_exti.o
LOAD Drivers/STM32G4xx_HAL_Driver/Src/stm32g4xx_hal_flash.o
LOAD Drivers/STM32G4xx_HAL_Driver/Src/stm32g4xx_hal_flash_ex.o
LOAD Drivers/STM32G4xx_HAL_Driver/Src/stm32g4xx_hal_flash_ramfunc.o
LOAD Drivers/STM32G4xx_HAL_Driver/Src/stm32g4xx_hal_gpio.o
LOAD Drivers/STM32G4xx_HAL_Driver/Src/stm32g4xx_hal_pwr.o
LOAD Drivers/STM32G4xx_HAL_Driver/Src/stm32g4xx_hal_pwr_ex.o
LOAD Drivers/STM32G4xx_HAL_Driver/Src/stm32g4xx_hal_rcc.o
LOAD Drivers/STM32G4xx_HAL_Driver/Src/stm32g4xx_hal_rcc_ex.o
LOAD Drivers/STM32G4xx_HAL_Driver/Src/stm32g4xx_hal_tim.o
LOAD Drivers/STM32G4xx_HAL_Driver/Src/stm32g4xx_hal_tim_ex.o
LOAD Drivers/STM32G4xx_HAL_Driver/Src/stm32g4xx_hal_uart.o
LOAD Drivers/STM32G4xx_HAL_Driver/Src/stm32g4xx_hal_uart_ex.o
LOAD Drivers/STM32G4xx_HAL_Driver/Src/stm32g4xx_ll_pwr.o
START GROUP
LOAD d:/stm32/stm32cubeide/stm32cubeide_1.2.0/stm32cubeide/plugins/com.st.stm32cube.ide.mcu.externaltools.gnu-tools-for-stm32.7-2018-q2-update.win32_1.0.0.201904181610/tools/bin/../lib/gcc/arm-none-eabi/7.3.1/../../../../arm-none-eabi/lib/thumb/v7e-m/fpv4-sp/hard\libc_nano.a
LOAD d:/stm32/stm32cubeide/stm32cubeide_1.2.0/stm32cubeide/plugins/com.st.stm32cube.ide.mcu.externaltools.gnu-tools-for-stm32.7-2018-q2-update.win32_1.0.0.201904181610/tools/bin/../lib/gcc/arm-none-eabi/7.3.1/../../../../arm-none-eabi/lib/thumb/v7e-m/fpv4-sp/hard\libm.a
END GROUP
START GROUP
LOAD d:/stm32/stm32cubeide/stm32cubeide_1.2.0/stm32cubeide/plugins/com.st.stm32cube.ide.mcu.externaltools.gnu-tools-for-stm32.7-2018-q2-update.win32_1.0.0.201904181610/tools/bin/../lib/gcc/arm-none-eabi/7.3.1/thumb/v7e-m/fpv4-sp/hard\libgcc.a
LOAD d:/stm32/stm32cubeide/stm32cubeide_1.2.0/stm32cubeide/plugins/com.st.stm32cube.ide.mcu.externaltools.gnu-tools-for-stm32.7-2018-q2-update.win32_1.0.0.201904181610/tools/bin/../lib/gcc/arm-none-eabi/7.3.1/../../../../arm-none-eabi/lib/thumb/v7e-m/fpv4-sp/hard\libc_nano.a
END GROUP
START GROUP
LOAD d:/stm32/stm32cubeide/stm32cubeide_1.2.0/stm32cubeide/plugins/com.st.stm32cube.ide.mcu.externaltools.gnu-tools-for-stm32.7-2018-q2-update.win32_1.0.0.201904181610/tools/bin/../lib/gcc/arm-none-eabi/7.3.1/thumb/v7e-m/fpv4-sp/hard\libgcc.a
LOAD d:/stm32/stm32cubeide/stm32cubeide_1.2.0/stm32cubeide/plugins/com.st.stm32cube.ide.mcu.externaltools.gnu-tools-for-stm32.7-2018-q2-update.win32_1.0.0.201904181610/tools/bin/../lib/gcc/arm-none-eabi/7.3.1/../../../../arm-none-eabi/lib/thumb/v7e-m/fpv4-sp/hard\libc_nano.a
LOAD d:/stm32/stm32cubeide/stm32cubeide_1.2.0/stm32cubeide/plugins/com.st.stm32cube.ide.mcu.externaltools.gnu-tools-for-stm32.7-2018-q2-update.win32_1.0.0.201904181610/tools/bin/../lib/gcc/arm-none-eabi/7.3.1/../../../../arm-none-eabi/lib/thumb/v7e-m/fpv4-sp/hard\libnosys.a
END GROUP
START GROUP
LOAD d:/stm32/stm32cubeide/stm32cubeide_1.2.0/stm32cubeide/plugins/com.st.stm32cube.ide.mcu.externaltools.gnu-tools-for-stm32.7-2018-q2-update.win32_1.0.0.201904181610/tools/bin/../lib/gcc/arm-none-eabi/7.3.1/thumb/v7e-m/fpv4-sp/hard\libgcc.a
LOAD d:/stm32/stm32cubeide/stm32cubeide_1.2.0/stm32cubeide/plugins/com.st.stm32cube.ide.mcu.externaltools.gnu-tools-for-stm32.7-2018-q2-update.win32_1.0.0.201904181610/tools/bin/../lib/gcc/arm-none-eabi/7.3.1/../../../../arm-none-eabi/lib/thumb/v7e-m/fpv4-sp/hard\libc_nano.a
LOAD d:/stm32/stm32cubeide/stm32cubeide_1.2.0/stm32cubeide/plugins/com.st.stm32cube.ide.mcu.externaltools.gnu-tools-for-stm32.7-2018-q2-update.win32_1.0.0.201904181610/tools/bin/../lib/gcc/arm-none-eabi/7.3.1/../../../../arm-none-eabi/lib/thumb/v7e-m/fpv4-sp/hard\libnosys.a
END GROUP
LOAD d:/stm32/stm32cubeide/stm32cubeide_1.2.0/stm32cubeide/plugins/com.st.stm32cube.ide.mcu.externaltools.gnu-tools-for-stm32.7-2018-q2-update.win32_1.0.0.201904181610/tools/bin/../lib/gcc/arm-none-eabi/7.3.1/thumb/v7e-m/fpv4-sp/hard/crtend.o
LOAD d:/stm32/stm32cubeide/stm32cubeide_1.2.0/stm32cubeide/plugins/com.st.stm32cube.ide.mcu.externaltools.gnu-tools-for-stm32.7-2018-q2-update.win32_1.0.0.201904181610/tools/bin/../lib/gcc/arm-none-eabi/7.3.1/thumb/v7e-m/fpv4-sp/hard/crtn.o
                0x0000000020008000                _estack = (ORIGIN (RAM) + LENGTH (RAM))
                0x0000000000000200                _Min_Heap_Size = 0x200
                0x0000000000000400                _Min_Stack_Size = 0x400

.isr_vector     0x0000000008000000      0x1d8
                0x0000000008000000                . = ALIGN (0x4)
 *(.isr_vector)
 .isr_vector    0x0000000008000000      0x1d8 Core/Startup/startup_stm32g431rbtx.o
                0x0000000008000000                g_pfnVectors
                0x00000000080001d8                . = ALIGN (0x4)

.text           0x00000000080001d8     0x5d40
                0x00000000080001d8                . = ALIGN (0x4)
 *(.text)
 .text          0x00000000080001d8       0x40 d:/stm32/stm32cubeide/stm32cubeide_1.2.0/stm32cubeide/plugins/com.st.stm32cube.ide.mcu.externaltools.gnu-tools-for-stm32.7-2018-q2-update.win32_1.0.0.201904181610/tools/bin/../lib/gcc/arm-none-eabi/7.3.1/thumb/v7e-m/fpv4-sp/hard/crtbegin.o
 .text          0x0000000008000218       0x30 d:/stm32/stm32cubeide/stm32cubeide_1.2.0/stm32cubeide/plugins/com.st.stm32cube.ide.mcu.externaltools.gnu-tools-for-stm32.7-2018-q2-update.win32_1.0.0.201904181610/tools/bin/../lib/gcc/arm-none-eabi/7.3.1/thumb/v7e-m/fpv4-sp/hard\libgcc.a(_aeabi_uldivmod.o)
                0x0000000008000218                __aeabi_uldivmod
 .text          0x0000000008000248      0x2cc d:/stm32/stm32cubeide/stm32cubeide_1.2.0/stm32cubeide/plugins/com.st.stm32cube.ide.mcu.externaltools.gnu-tools-for-stm32.7-2018-q2-update.win32_1.0.0.201904181610/tools/bin/../lib/gcc/arm-none-eabi/7.3.1/thumb/v7e-m/fpv4-sp/hard\libgcc.a(_udivmoddi4.o)
                0x0000000008000248                __udivmoddi4
 .text          0x0000000008000514        0x4 d:/stm32/stm32cubeide/stm32cubeide_1.2.0/stm32cubeide/plugins/com.st.stm32cube.ide.mcu.externaltools.gnu-tools-for-stm32.7-2018-q2-update.win32_1.0.0.201904181610/tools/bin/../lib/gcc/arm-none-eabi/7.3.1/thumb/v7e-m/fpv4-sp/hard\libgcc.a(_dvmd_tls.o)
                0x0000000008000514                __aeabi_idiv0
                0x0000000008000514                __aeabi_ldiv0
 *(.text*)
 .text.main     0x0000000008000518      0x138 Core/Src/main.o
                0x0000000008000518                main
 .text.SystemClock_Config
                0x0000000008000650       0xc8 Core/Src/main.o
                0x0000000008000650                SystemClock_Config
 .text.MX_NVIC_Init
                0x0000000008000718       0x28 Core/Src/main.o
 .text.MX_TIM2_Init
                0x0000000008000740      0x100 Core/Src/main.o
 .text.MX_TIM3_Init
                0x0000000008000840      0x104 Core/Src/main.o
 .text.MX_TIM4_Init
                0x0000000008000944       0xd0 Core/Src/main.o
 .text.MX_USART1_UART_Init
                0x0000000008000a14       0x98 Core/Src/main.o
 .text.MX_USART2_UART_Init
                0x0000000008000aac       0x98 Core/Src/main.o
 .text.MX_GPIO_Init
                0x0000000008000b44       0xe0 Core/Src/main.o
 .text.HAL_UART_RxCpltCallback
                0x0000000008000c24      0x8f8 Core/Src/main.o
                0x0000000008000c24                HAL_UART_RxCpltCallback
 .text.Error_Handler
                0x000000000800151c        0xe Core/Src/main.o
                0x000000000800151c                Error_Handler
 *fill*         0x000000000800152a        0x2 
 .text.LL_PWR_DisableDeadBatteryPD
                0x000000000800152c       0x20 Core/Src/stm32g4xx_hal_msp.o
 .text.HAL_MspInit
                0x000000000800154c       0x48 Core/Src/stm32g4xx_hal_msp.o
                0x000000000800154c                HAL_MspInit
 .text.HAL_TIM_PWM_MspInit
                0x0000000008001594       0x8c Core/Src/stm32g4xx_hal_msp.o
                0x0000000008001594                HAL_TIM_PWM_MspInit
 .text.HAL_TIM_MspPostInit
                0x0000000008001620      0x160 Core/Src/stm32g4xx_hal_msp.o
                0x0000000008001620                HAL_TIM_MspPostInit
 .text.HAL_UART_MspInit
                0x0000000008001780       0xec Core/Src/stm32g4xx_hal_msp.o
                0x0000000008001780                HAL_UART_MspInit
 .text.NMI_Handler
                0x000000000800186c        0xe Core/Src/stm32g4xx_it.o
                0x000000000800186c                NMI_Handler
 .text.HardFault_Handler
                0x000000000800187a        0x6 Core/Src/stm32g4xx_it.o
                0x000000000800187a                HardFault_Handler
 .text.MemManage_Handler
                0x0000000008001880        0x6 Core/Src/stm32g4xx_it.o
                0x0000000008001880                MemManage_Handler
 .text.BusFault_Handler
                0x0000000008001886        0x6 Core/Src/stm32g4xx_it.o
                0x0000000008001886                BusFault_Handler
 .text.UsageFault_Handler
                0x000000000800188c        0x6 Core/Src/stm32g4xx_it.o
                0x000000000800188c                UsageFault_Handler
 .text.SVC_Handler
                0x0000000008001892        0xe Core/Src/stm32g4xx_it.o
                0x0000000008001892                SVC_Handler
 .text.DebugMon_Handler
                0x00000000080018a0        0xe Core/Src/stm32g4xx_it.o
                0x00000000080018a0                DebugMon_Handler
 .text.PendSV_Handler
                0x00000000080018ae        0xe Core/Src/stm32g4xx_it.o
                0x00000000080018ae                PendSV_Handler
 .text.SysTick_Handler
                0x00000000080018bc        0xc Core/Src/stm32g4xx_it.o
                0x00000000080018bc                SysTick_Handler
 .text.USART1_IRQHandler
                0x00000000080018c8       0x14 Core/Src/stm32g4xx_it.o
                0x00000000080018c8                USART1_IRQHandler
 .text.USART2_IRQHandler
                0x00000000080018dc       0x14 Core/Src/stm32g4xx_it.o
                0x00000000080018dc                USART2_IRQHandler
 .text.SystemInit
                0x00000000080018f0       0x2c Core/Src/system_stm32g4xx.o
                0x00000000080018f0                SystemInit
 .text.Reset_Handler
                0x000000000800191c       0x50 Core/Startup/startup_stm32g431rbtx.o
                0x000000000800191c                Reset_Handler
 .text.Default_Handler
                0x000000000800196c        0x2 Core/Startup/startup_stm32g431rbtx.o
                0x000000000800196c                RTC_Alarm_IRQHandler
                0x000000000800196c                EXTI2_IRQHandler
                0x000000000800196c                TIM8_TRG_COM_IRQHandler
                0x000000000800196c                TIM8_CC_IRQHandler
                0x000000000800196c                TIM1_CC_IRQHandler
                0x000000000800196c                USB_HP_IRQHandler
                0x000000000800196c                CORDIC_IRQHandler
                0x000000000800196c                EXTI3_IRQHandler
                0x000000000800196c                I2C3_ER_IRQHandler
                0x000000000800196c                EXTI0_IRQHandler
                0x000000000800196c                I2C2_EV_IRQHandler
                0x000000000800196c                FPU_IRQHandler
                0x000000000800196c                FDCAN1_IT1_IRQHandler
                0x000000000800196c                TIM1_UP_TIM16_IRQHandler
                0x000000000800196c                ADC1_2_IRQHandler
                0x000000000800196c                SPI1_IRQHandler
                0x000000000800196c                TIM6_DAC_IRQHandler
                0x000000000800196c                TIM8_UP_IRQHandler
                0x000000000800196c                DMA2_Channel2_IRQHandler
                0x000000000800196c                DMA1_Channel4_IRQHandler
                0x000000000800196c                USART3_IRQHandler
                0x000000000800196c                TIM4_IRQHandler
                0x000000000800196c                DMA2_Channel1_IRQHandler
                0x000000000800196c                I2C1_EV_IRQHandler
                0x000000000800196c                DMA1_Channel6_IRQHandler
                0x000000000800196c                UART4_IRQHandler
                0x000000000800196c                DMA2_Channel4_IRQHandler
                0x000000000800196c                TIM3_IRQHandler
                0x000000000800196c                RCC_IRQHandler
                0x000000000800196c                DMA1_Channel1_IRQHandler
                0x000000000800196c                Default_Handler
                0x000000000800196c                RTC_TAMP_LSECSS_IRQHandler
                0x000000000800196c                FMAC_IRQHandler
                0x000000000800196c                EXTI15_10_IRQHandler
                0x000000000800196c                TIM7_IRQHandler
                0x000000000800196c                UCPD1_IRQHandler
                0x000000000800196c                I2C3_EV_IRQHandler
                0x000000000800196c                EXTI9_5_IRQHandler
                0x000000000800196c                RTC_WKUP_IRQHandler
                0x000000000800196c                PVD_PVM_IRQHandler
                0x000000000800196c                SPI2_IRQHandler
                0x000000000800196c                DMA2_Channel5_IRQHandler
                0x000000000800196c                CRS_IRQHandler
                0x000000000800196c                DMA1_Channel5_IRQHandler
                0x000000000800196c                USB_LP_IRQHandler
                0x000000000800196c                EXTI4_IRQHandler
                0x000000000800196c                RNG_IRQHandler
                0x000000000800196c                TIM1_TRG_COM_TIM17_IRQHandler
                0x000000000800196c                DMA1_Channel3_IRQHandler
                0x000000000800196c                WWDG_IRQHandler
                0x000000000800196c                LPUART1_IRQHandler
                0x000000000800196c                DMA2_Channel6_IRQHandler
                0x000000000800196c                FDCAN1_IT0_IRQHandler
                0x000000000800196c                TIM2_IRQHandler
                0x000000000800196c                COMP1_2_3_IRQHandler
                0x000000000800196c                EXTI1_IRQHandler
                0x000000000800196c                I2C2_ER_IRQHandler
                0x000000000800196c                DMA1_Channel2_IRQHandler
                0x000000000800196c                TIM8_BRK_IRQHandler
                0x000000000800196c                FLASH_IRQHandler
                0x000000000800196c                SPI3_IRQHandler
                0x000000000800196c                I2C1_ER_IRQHandler
                0x000000000800196c                LPTIM1_IRQHandler
                0x000000000800196c                DMAMUX_OVR_IRQHandler
                0x000000000800196c                USBWakeUp_IRQHandler
                0x000000000800196c                SAI1_IRQHandler
                0x000000000800196c                DMA2_Channel3_IRQHandler
                0x000000000800196c                COMP4_IRQHandler
                0x000000000800196c                TIM1_BRK_TIM15_IRQHandler
 .text.HAL_Init
                0x000000000800196e       0x30 Drivers/STM32G4xx_HAL_Driver/Src/stm32g4xx_hal.o
                0x000000000800196e                HAL_Init
 *fill*         0x000000000800199e        0x2 
 .text.HAL_InitTick
                0x00000000080019a0       0x74 Drivers/STM32G4xx_HAL_Driver/Src/stm32g4xx_hal.o
                0x00000000080019a0                HAL_InitTick
 .text.HAL_IncTick
                0x0000000008001a14       0x24 Drivers/STM32G4xx_HAL_Driver/Src/stm32g4xx_hal.o
                0x0000000008001a14                HAL_IncTick
 .text.HAL_GetTick
                0x0000000008001a38       0x18 Drivers/STM32G4xx_HAL_Driver/Src/stm32g4xx_hal.o
                0x0000000008001a38                HAL_GetTick
 .text.__NVIC_SetPriorityGrouping
                0x0000000008001a50       0x48 Drivers/STM32G4xx_HAL_Driver/Src/stm32g4xx_hal_cortex.o
 .text.__NVIC_GetPriorityGrouping
                0x0000000008001a98       0x1c Drivers/STM32G4xx_HAL_Driver/Src/stm32g4xx_hal_cortex.o
 .text.__NVIC_EnableIRQ
                0x0000000008001ab4       0x3c Drivers/STM32G4xx_HAL_Driver/Src/stm32g4xx_hal_cortex.o
 .text.__NVIC_SetPriority
                0x0000000008001af0       0x54 Drivers/STM32G4xx_HAL_Driver/Src/stm32g4xx_hal_cortex.o
 .text.NVIC_EncodePriority
                0x0000000008001b44       0x66 Drivers/STM32G4xx_HAL_Driver/Src/stm32g4xx_hal_cortex.o
 *fill*         0x0000000008001baa        0x2 
 .text.SysTick_Config
                0x0000000008001bac       0x44 Drivers/STM32G4xx_HAL_Driver/Src/stm32g4xx_hal_cortex.o
 .text.HAL_NVIC_SetPriorityGrouping
                0x0000000008001bf0       0x16 Drivers/STM32G4xx_HAL_Driver/Src/stm32g4xx_hal_cortex.o
                0x0000000008001bf0                HAL_NVIC_SetPriorityGrouping
 .text.HAL_NVIC_SetPriority
                0x0000000008001c06       0x34 Drivers/STM32G4xx_HAL_Driver/Src/stm32g4xx_hal_cortex.o
                0x0000000008001c06                HAL_NVIC_SetPriority
 .text.HAL_NVIC_EnableIRQ
                0x0000000008001c3a       0x1c Drivers/STM32G4xx_HAL_Driver/Src/stm32g4xx_hal_cortex.o
                0x0000000008001c3a                HAL_NVIC_EnableIRQ
 .text.HAL_SYSTICK_Config
                0x0000000008001c56       0x18 Drivers/STM32G4xx_HAL_Driver/Src/stm32g4xx_hal_cortex.o
                0x0000000008001c56                HAL_SYSTICK_Config
 .text.HAL_DMA_Abort_IT
                0x0000000008001c6e       0xce Drivers/STM32G4xx_HAL_Driver/Src/stm32g4xx_hal_dma.o
                0x0000000008001c6e                HAL_DMA_Abort_IT
 .text.HAL_GPIO_Init
                0x0000000008001d3c      0x304 Drivers/STM32G4xx_HAL_Driver/Src/stm32g4xx_hal_gpio.o
                0x0000000008001d3c                HAL_GPIO_Init
 .text.HAL_GPIO_WritePin
                0x0000000008002040       0x30 Drivers/STM32G4xx_HAL_Driver/Src/stm32g4xx_hal_gpio.o
                0x0000000008002040                HAL_GPIO_WritePin
 .text.HAL_PWREx_ControlVoltageScaling
                0x0000000008002070      0x148 Drivers/STM32G4xx_HAL_Driver/Src/stm32g4xx_hal_pwr_ex.o
                0x0000000008002070                HAL_PWREx_ControlVoltageScaling
 .text.HAL_RCC_OscConfig
                0x00000000080021b8      0x630 Drivers/STM32G4xx_HAL_Driver/Src/stm32g4xx_hal_rcc.o
                0x00000000080021b8                HAL_RCC_OscConfig
 .text.HAL_RCC_ClockConfig
                0x00000000080027e8      0x278 Drivers/STM32G4xx_HAL_Driver/Src/stm32g4xx_hal_rcc.o
                0x00000000080027e8                HAL_RCC_ClockConfig
 .text.HAL_RCC_GetSysClockFreq
                0x0000000008002a60       0xc4 Drivers/STM32G4xx_HAL_Driver/Src/stm32g4xx_hal_rcc.o
                0x0000000008002a60                HAL_RCC_GetSysClockFreq
 .text.HAL_RCC_GetHCLKFreq
                0x0000000008002b24       0x18 Drivers/STM32G4xx_HAL_Driver/Src/stm32g4xx_hal_rcc.o
                0x0000000008002b24                HAL_RCC_GetHCLKFreq
 .text.HAL_RCC_GetPCLK1Freq
                0x0000000008002b3c       0x2c Drivers/STM32G4xx_HAL_Driver/Src/stm32g4xx_hal_rcc.o
                0x0000000008002b3c                HAL_RCC_GetPCLK1Freq
 .text.HAL_RCC_GetPCLK2Freq
                0x0000000008002b68       0x2c Drivers/STM32G4xx_HAL_Driver/Src/stm32g4xx_hal_rcc.o
                0x0000000008002b68                HAL_RCC_GetPCLK2Freq
 .text.RCC_GetSysClockFreqFromPLLSource
                0x0000000008002b94       0x8c Drivers/STM32G4xx_HAL_Driver/Src/stm32g4xx_hal_rcc.o
 .text.HAL_RCCEx_PeriphCLKConfig
                0x0000000008002c20      0x3e0 Drivers/STM32G4xx_HAL_Driver/Src/stm32g4xx_hal_rcc_ex.o
                0x0000000008002c20                HAL_RCCEx_PeriphCLKConfig
 .text.HAL_TIM_PWM_Init
                0x0000000008003000       0x56 Drivers/STM32G4xx_HAL_Driver/Src/stm32g4xx_hal_tim.o
                0x0000000008003000                HAL_TIM_PWM_Init
 *fill*         0x0000000008003056        0x2 
 .text.HAL_TIM_PWM_Start_IT
                0x0000000008003058      0x13c Drivers/STM32G4xx_HAL_Driver/Src/stm32g4xx_hal_tim.o
                0x0000000008003058                HAL_TIM_PWM_Start_IT
 .text.HAL_TIM_PWM_ConfigChannel
                0x0000000008003194      0x230 Drivers/STM32G4xx_HAL_Driver/Src/stm32g4xx_hal_tim.o
                0x0000000008003194                HAL_TIM_PWM_ConfigChannel
 .text.TIM_Base_SetConfig
                0x00000000080033c4      0x120 Drivers/STM32G4xx_HAL_Driver/Src/stm32g4xx_hal_tim.o
                0x00000000080033c4                TIM_Base_SetConfig
 .text.TIM_OC1_SetConfig
                0x00000000080034e4      0x120 Drivers/STM32G4xx_HAL_Driver/Src/stm32g4xx_hal_tim.o
 .text.TIM_OC2_SetConfig
                0x0000000008003604      0x114 Drivers/STM32G4xx_HAL_Driver/Src/stm32g4xx_hal_tim.o
                0x0000000008003604                TIM_OC2_SetConfig
 .text.TIM_OC3_SetConfig
                0x0000000008003718      0x110 Drivers/STM32G4xx_HAL_Driver/Src/stm32g4xx_hal_tim.o
 .text.TIM_OC4_SetConfig
                0x0000000008003828      0x114 Drivers/STM32G4xx_HAL_Driver/Src/stm32g4xx_hal_tim.o
 .text.TIM_OC5_SetConfig
                0x000000000800393c       0xc8 Drivers/STM32G4xx_HAL_Driver/Src/stm32g4xx_hal_tim.o
 .text.TIM_OC6_SetConfig
                0x0000000008003a04       0xcc Drivers/STM32G4xx_HAL_Driver/Src/stm32g4xx_hal_tim.o
 .text.TIM_CCxChannelCmd
                0x0000000008003ad0       0x4a Drivers/STM32G4xx_HAL_Driver/Src/stm32g4xx_hal_tim.o
                0x0000000008003ad0                TIM_CCxChannelCmd
 *fill*         0x0000000008003b1a        0x2 
 .text.HAL_TIMEx_MasterConfigSynchronization
                0x0000000008003b1c       0xbc Drivers/STM32G4xx_HAL_Driver/Src/stm32g4xx_hal_tim_ex.o
                0x0000000008003b1c                HAL_TIMEx_MasterConfigSynchronization
 .text.HAL_UART_Init
                0x0000000008003bd8       0xa0 Drivers/STM32G4xx_HAL_Driver/Src/stm32g4xx_hal_uart.o
                0x0000000008003bd8                HAL_UART_Init
 .text.HAL_UART_Transmit
                0x0000000008003c78      0x12c Drivers/STM32G4xx_HAL_Driver/Src/stm32g4xx_hal_uart.o
                0x0000000008003c78                HAL_UART_Transmit
 .text.HAL_UART_Receive_IT
                0x0000000008003da4      0x1b0 Drivers/STM32G4xx_HAL_Driver/Src/stm32g4xx_hal_uart.o
                0x0000000008003da4                HAL_UART_Receive_IT
 .text.HAL_UART_IRQHandler
                0x0000000008003f54      0x2cc Drivers/STM32G4xx_HAL_Driver/Src/stm32g4xx_hal_uart.o
                0x0000000008003f54                HAL_UART_IRQHandler
 .text.HAL_UART_TxCpltCallback
                0x0000000008004220       0x14 Drivers/STM32G4xx_HAL_Driver/Src/stm32g4xx_hal_uart.o
                0x0000000008004220                HAL_UART_TxCpltCallback
 .text.HAL_UART_ErrorCallback
                0x0000000008004234       0x14 Drivers/STM32G4xx_HAL_Driver/Src/stm32g4xx_hal_uart.o
                0x0000000008004234                HAL_UART_ErrorCallback
 .text.UART_SetConfig
                0x0000000008004248     0x1374 Drivers/STM32G4xx_HAL_Driver/Src/stm32g4xx_hal_uart.o
                0x0000000008004248                UART_SetConfig
 .text.UART_AdvFeatureConfig
                0x00000000080055bc      0x144 Drivers/STM32G4xx_HAL_Driver/Src/stm32g4xx_hal_uart.o
                0x00000000080055bc                UART_AdvFeatureConfig
 .text.UART_CheckIdleState
                0x0000000008005700       0x90 Drivers/STM32G4xx_HAL_Driver/Src/stm32g4xx_hal_uart.o
                0x0000000008005700                UART_CheckIdleState
 .text.UART_WaitOnFlagUntilTimeout
                0x0000000008005790       0x94 Drivers/STM32G4xx_HAL_Driver/Src/stm32g4xx_hal_uart.o
                0x0000000008005790                UART_WaitOnFlagUntilTimeout
 .text.UART_EndRxTransfer
                0x0000000008005824       0x46 Drivers/STM32G4xx_HAL_Driver/Src/stm32g4xx_hal_uart.o
 .text.UART_DMAAbortOnError
                0x000000000800586a       0x2c Drivers/STM32G4xx_HAL_Driver/Src/stm32g4xx_hal_uart.o
 .text.UART_EndTransmit_IT
                0x0000000008005896       0x34 Drivers/STM32G4xx_HAL_Driver/Src/stm32g4xx_hal_uart.o
 .text.UART_RxISR_8BIT
                0x00000000080058ca       0xaa Drivers/STM32G4xx_HAL_Driver/Src/stm32g4xx_hal_uart.o
 .text.UART_RxISR_16BIT
                0x0000000008005974       0xaa Drivers/STM32G4xx_HAL_Driver/Src/stm32g4xx_hal_uart.o
 *fill*         0x0000000008005a1e        0x2 
 .text.UART_RxISR_8BIT_FIFOEN
                0x0000000008005a20      0x108 Drivers/STM32G4xx_HAL_Driver/Src/stm32g4xx_hal_uart.o
 .text.UART_RxISR_16BIT_FIFOEN
                0x0000000008005b28      0x108 Drivers/STM32G4xx_HAL_Driver/Src/stm32g4xx_hal_uart.o
 .text.HAL_UARTEx_WakeupCallback
                0x0000000008005c30       0x14 Drivers/STM32G4xx_HAL_Driver/Src/stm32g4xx_hal_uart_ex.o
                0x0000000008005c30                HAL_UARTEx_WakeupCallback
 .text.HAL_UARTEx_RxFifoFullCallback
                0x0000000008005c44       0x14 Drivers/STM32G4xx_HAL_Driver/Src/stm32g4xx_hal_uart_ex.o
                0x0000000008005c44                HAL_UARTEx_RxFifoFullCallback
 .text.HAL_UARTEx_TxFifoEmptyCallback
                0x0000000008005c58       0x14 Drivers/STM32G4xx_HAL_Driver/Src/stm32g4xx_hal_uart_ex.o
                0x0000000008005c58                HAL_UARTEx_TxFifoEmptyCallback
 .text.HAL_UARTEx_DisableFifoMode
                0x0000000008005c6c       0x72 Drivers/STM32G4xx_HAL_Driver/Src/stm32g4xx_hal_uart_ex.o
                0x0000000008005c6c                HAL_UARTEx_DisableFifoMode
 .text.HAL_UARTEx_SetTxFifoThreshold
                0x0000000008005cde       0x7c Drivers/STM32G4xx_HAL_Driver/Src/stm32g4xx_hal_uart_ex.o
                0x0000000008005cde                HAL_UARTEx_SetTxFifoThreshold
 .text.HAL_UARTEx_SetRxFifoThreshold
                0x0000000008005d5a       0x7c Drivers/STM32G4xx_HAL_Driver/Src/stm32g4xx_hal_uart_ex.o
                0x0000000008005d5a                HAL_UARTEx_SetRxFifoThreshold
 *fill*         0x0000000008005dd6        0x2 
 .text.UARTEx_SetNbDataToProcess
                0x0000000008005dd8       0xd0 Drivers/STM32G4xx_HAL_Driver/Src/stm32g4xx_hal_uart_ex.o
 .text.__libc_init_array
                0x0000000008005ea8       0x48 d:/stm32/stm32cubeide/stm32cubeide_1.2.0/stm32cubeide/plugins/com.st.stm32cube.ide.mcu.externaltools.gnu-tools-for-stm32.7-2018-q2-update.win32_1.0.0.201904181610/tools/bin/../lib/gcc/arm-none-eabi/7.3.1/../../../../arm-none-eabi/lib/thumb/v7e-m/fpv4-sp/hard\libc_nano.a(lib_a-init.o)
                0x0000000008005ea8                __libc_init_array
 .text.memset   0x0000000008005ef0       0x10 d:/stm32/stm32cubeide/stm32cubeide_1.2.0/stm32cubeide/plugins/com.st.stm32cube.ide.mcu.externaltools.gnu-tools-for-stm32.7-2018-q2-update.win32_1.0.0.201904181610/tools/bin/../lib/gcc/arm-none-eabi/7.3.1/../../../../arm-none-eabi/lib/thumb/v7e-m/fpv4-sp/hard\libc_nano.a(lib_a-memset.o)
                0x0000000008005ef0                memset
 *(.glue_7)
 .glue_7        0x0000000008005f00        0x0 linker stubs
 *(.glue_7t)
 .glue_7t       0x0000000008005f00        0x0 linker stubs
 *(.eh_frame)
 .eh_frame      0x0000000008005f00        0x0 d:/stm32/stm32cubeide/stm32cubeide_1.2.0/stm32cubeide/plugins/com.st.stm32cube.ide.mcu.externaltools.gnu-tools-for-stm32.7-2018-q2-update.win32_1.0.0.201904181610/tools/bin/../lib/gcc/arm-none-eabi/7.3.1/thumb/v7e-m/fpv4-sp/hard/crtbegin.o
 *(.init)
 .init          0x0000000008005f00        0x4 d:/stm32/stm32cubeide/stm32cubeide_1.2.0/stm32cubeide/plugins/com.st.stm32cube.ide.mcu.externaltools.gnu-tools-for-stm32.7-2018-q2-update.win32_1.0.0.201904181610/tools/bin/../lib/gcc/arm-none-eabi/7.3.1/thumb/v7e-m/fpv4-sp/hard/crti.o
                0x0000000008005f00                _init
 .init          0x0000000008005f04        0x8 d:/stm32/stm32cubeide/stm32cubeide_1.2.0/stm32cubeide/plugins/com.st.stm32cube.ide.mcu.externaltools.gnu-tools-for-stm32.7-2018-q2-update.win32_1.0.0.201904181610/tools/bin/../lib/gcc/arm-none-eabi/7.3.1/thumb/v7e-m/fpv4-sp/hard/crtn.o
 *(.fini)
 .fini          0x0000000008005f0c        0x4 d:/stm32/stm32cubeide/stm32cubeide_1.2.0/stm32cubeide/plugins/com.st.stm32cube.ide.mcu.externaltools.gnu-tools-for-stm32.7-2018-q2-update.win32_1.0.0.201904181610/tools/bin/../lib/gcc/arm-none-eabi/7.3.1/thumb/v7e-m/fpv4-sp/hard/crti.o
                0x0000000008005f0c                _fini
 .fini          0x0000000008005f10        0x8 d:/stm32/stm32cubeide/stm32cubeide_1.2.0/stm32cubeide/plugins/com.st.stm32cube.ide.mcu.externaltools.gnu-tools-for-stm32.7-2018-q2-update.win32_1.0.0.201904181610/tools/bin/../lib/gcc/arm-none-eabi/7.3.1/thumb/v7e-m/fpv4-sp/hard/crtn.o
                0x0000000008005f18                . = ALIGN (0x4)
                0x0000000008005f18                _etext = .

.vfp11_veneer   0x0000000008005f18        0x0
 .vfp11_veneer  0x0000000008005f18        0x0 linker stubs

.v4_bx          0x0000000008005f18        0x0
 .v4_bx         0x0000000008005f18        0x0 linker stubs

.iplt           0x0000000008005f18        0x0
 .iplt          0x0000000008005f18        0x0 d:/stm32/stm32cubeide/stm32cubeide_1.2.0/stm32cubeide/plugins/com.st.stm32cube.ide.mcu.externaltools.gnu-tools-for-stm32.7-2018-q2-update.win32_1.0.0.201904181610/tools/bin/../lib/gcc/arm-none-eabi/7.3.1/thumb/v7e-m/fpv4-sp/hard/crtbegin.o

.rodata         0x0000000008005f18       0x28
                0x0000000008005f18                . = ALIGN (0x4)
 *(.rodata)
 .rodata        0x0000000008005f18       0x10 Drivers/STM32G4xx_HAL_Driver/Src/stm32g4xx_hal_uart_ex.o
 *(.rodata*)
 .rodata.AHBPrescTable
                0x0000000008005f28       0x10 Core/Src/system_stm32g4xx.o
                0x0000000008005f28                AHBPrescTable
 .rodata.APBPrescTable
                0x0000000008005f38        0x8 Core/Src/system_stm32g4xx.o
                0x0000000008005f38                APBPrescTable
                0x0000000008005f40                . = ALIGN (0x4)

.ARM.extab      0x0000000008005f40        0x0
                0x0000000008005f40                . = ALIGN (0x4)
 *(.ARM.extab* .gnu.linkonce.armextab.*)
                0x0000000008005f40                . = ALIGN (0x4)

.ARM            0x0000000008005f40        0x8
                0x0000000008005f40                . = ALIGN (0x4)
                0x0000000008005f40                __exidx_start = .
 *(.ARM.exidx*)
 .ARM.exidx     0x0000000008005f40        0x8 d:/stm32/stm32cubeide/stm32cubeide_1.2.0/stm32cubeide/plugins/com.st.stm32cube.ide.mcu.externaltools.gnu-tools-for-stm32.7-2018-q2-update.win32_1.0.0.201904181610/tools/bin/../lib/gcc/arm-none-eabi/7.3.1/thumb/v7e-m/fpv4-sp/hard\libgcc.a(_udivmoddi4.o)
                0x0000000008005f48                __exidx_end = .
                0x0000000008005f48                . = ALIGN (0x4)

.rel.dyn        0x0000000008005f48        0x0
 .rel.iplt      0x0000000008005f48        0x0 d:/stm32/stm32cubeide/stm32cubeide_1.2.0/stm32cubeide/plugins/com.st.stm32cube.ide.mcu.externaltools.gnu-tools-for-stm32.7-2018-q2-update.win32_1.0.0.201904181610/tools/bin/../lib/gcc/arm-none-eabi/7.3.1/thumb/v7e-m/fpv4-sp/hard/crtbegin.o

.preinit_array  0x0000000008005f48        0x0
                0x0000000008005f48                . = ALIGN (0x4)
                0x0000000008005f48                PROVIDE (__preinit_array_start = .)
 *(.preinit_array*)
                0x0000000008005f48                PROVIDE (__preinit_array_end = .)
                0x0000000008005f48                . = ALIGN (0x4)

.init_array     0x0000000008005f48        0x4
                0x0000000008005f48                . = ALIGN (0x4)
                0x0000000008005f48                PROVIDE (__init_array_start = .)
 *(SORT_BY_NAME(.init_array.*))
 *(.init_array*)
 .init_array    0x0000000008005f48        0x4 d:/stm32/stm32cubeide/stm32cubeide_1.2.0/stm32cubeide/plugins/com.st.stm32cube.ide.mcu.externaltools.gnu-tools-for-stm32.7-2018-q2-update.win32_1.0.0.201904181610/tools/bin/../lib/gcc/arm-none-eabi/7.3.1/thumb/v7e-m/fpv4-sp/hard/crtbegin.o
                0x0000000008005f4c                PROVIDE (__init_array_end = .)
                0x0000000008005f4c                . = ALIGN (0x4)

.fini_array     0x0000000008005f4c        0x4
                0x0000000008005f4c                . = ALIGN (0x4)
                [!provide]                        PROVIDE (__fini_array_start = .)
 *(SORT_BY_NAME(.fini_array.*))
 *(.fini_array*)
 .fini_array    0x0000000008005f4c        0x4 d:/stm32/stm32cubeide/stm32cubeide_1.2.0/stm32cubeide/plugins/com.st.stm32cube.ide.mcu.externaltools.gnu-tools-for-stm32.7-2018-q2-update.win32_1.0.0.201904181610/tools/bin/../lib/gcc/arm-none-eabi/7.3.1/thumb/v7e-m/fpv4-sp/hard/crtbegin.o
                [!provide]                        PROVIDE (__fini_array_end = .)
                0x0000000008005f50                . = ALIGN (0x4)
                0x0000000008005f50                _sidata = LOADADDR (.data)

.data           0x0000000020000000       0x20 load address 0x0000000008005f50
                0x0000000020000000                . = ALIGN (0x4)
                0x0000000020000000                _sdata = .
 *(.data)
 *(.data*)
 .data.pwm_compare1
                0x0000000020000000        0x2 Core/Src/main.o
                0x0000000020000000                pwm_compare1
 .data.pwm_compare2
                0x0000000020000002        0x2 Core/Src/main.o
                0x0000000020000002                pwm_compare2
 .data.pwm_compare3
                0x0000000020000004        0x2 Core/Src/main.o
                0x0000000020000004                pwm_compare3
 .data.pwm_compare6
                0x0000000020000006        0x2 Core/Src/main.o
                0x0000000020000006                pwm_compare6
 .data.pwm_compare4
                0x0000000020000008        0x2 Core/Src/main.o
                0x0000000020000008                pwm_compare4
 .data.pwm_compare5
                0x000000002000000a        0x2 Core/Src/main.o
                0x000000002000000a                pwm_compare5
 .data.pwm_compare9
                0x000000002000000c        0x2 Core/Src/main.o
                0x000000002000000c                pwm_compare9
 .data.pwm_compare10
                0x000000002000000e        0x2 Core/Src/main.o
                0x000000002000000e                pwm_compare10
 .data.pwm_compare7
                0x0000000020000010        0x2 Core/Src/main.o
                0x0000000020000010                pwm_compare7
 .data.pwm_compare8
                0x0000000020000012        0x2 Core/Src/main.o
                0x0000000020000012                pwm_compare8
 .data.SystemCoreClock
                0x0000000020000014        0x4 Core/Src/system_stm32g4xx.o
                0x0000000020000014                SystemCoreClock
 .data.uwTickPrio
                0x0000000020000018        0x4 Drivers/STM32G4xx_HAL_Driver/Src/stm32g4xx_hal.o
                0x0000000020000018                uwTickPrio
 .data.uwTickFreq
                0x000000002000001c        0x4 Drivers/STM32G4xx_HAL_Driver/Src/stm32g4xx_hal.o
                0x000000002000001c                uwTickFreq
                0x0000000020000020                . = ALIGN (0x4)
                0x0000000020000020                _edata = .

.igot.plt       0x0000000020000020        0x0 load address 0x0000000008005f70
 .igot.plt      0x0000000020000020        0x0 d:/stm32/stm32cubeide/stm32cubeide_1.2.0/stm32cubeide/plugins/com.st.stm32cube.ide.mcu.externaltools.gnu-tools-for-stm32.7-2018-q2-update.win32_1.0.0.201904181610/tools/bin/../lib/gcc/arm-none-eabi/7.3.1/thumb/v7e-m/fpv4-sp/hard/crtbegin.o
                0x0000000020000020                . = ALIGN (0x4)

.bss            0x0000000020000020      0x200 load address 0x0000000008005f70
                0x0000000020000020                _sbss = .
                0x0000000020000020                __bss_start__ = _sbss
 *(.bss)
 .bss           0x0000000020000020       0x1c d:/stm32/stm32cubeide/stm32cubeide_1.2.0/stm32cubeide/plugins/com.st.stm32cube.ide.mcu.externaltools.gnu-tools-for-stm32.7-2018-q2-update.win32_1.0.0.201904181610/tools/bin/../lib/gcc/arm-none-eabi/7.3.1/thumb/v7e-m/fpv4-sp/hard/crtbegin.o
 *(.bss*)
 *(COMMON)
 COMMON         0x000000002000003c      0x1e0 Core/Src/main.o
                0x000000002000003c                aRxBuffer2
                0x0000000020000040                htim4
                0x0000000020000080                htim3
                0x00000000200000c0                huart1
                0x000000002000014c                aRxBuffer
                0x0000000020000150                htim2
                0x0000000020000190                huart2
 COMMON         0x000000002000021c        0x4 Drivers/STM32G4xx_HAL_Driver/Src/stm32g4xx_hal.o
                0x000000002000021c                uwTick
                0x0000000020000220                . = ALIGN (0x4)
                0x0000000020000220                _ebss = .
                0x0000000020000220                __bss_end__ = _ebss

._user_heap_stack
                0x0000000020000220      0x600 load address 0x0000000008005f70
                0x0000000020000220                . = ALIGN (0x8)
                0x0000000020000220                PROVIDE (end = .)
                [!provide]                        PROVIDE (_end = .)
                0x0000000020000420                . = (. + _Min_Heap_Size)
 *fill*         0x0000000020000220      0x200 
                0x0000000020000820                . = (. + _Min_Stack_Size)
 *fill*         0x0000000020000420      0x400 
                0x0000000020000820                . = ALIGN (0x8)

/DISCARD/
 libc.a(*)
 libm.a(*)
 libgcc.a(*)

.ARM.attributes
                0x0000000000000000       0x30
 *(.ARM.attributes)
 .ARM.attributes
                0x0000000000000000       0x22 d:/stm32/stm32cubeide/stm32cubeide_1.2.0/stm32cubeide/plugins/com.st.stm32cube.ide.mcu.externaltools.gnu-tools-for-stm32.7-2018-q2-update.win32_1.0.0.201904181610/tools/bin/../lib/gcc/arm-none-eabi/7.3.1/thumb/v7e-m/fpv4-sp/hard/crti.o
 .ARM.attributes
                0x0000000000000022       0x34 d:/stm32/stm32cubeide/stm32cubeide_1.2.0/stm32cubeide/plugins/com.st.stm32cube.ide.mcu.externaltools.gnu-tools-for-stm32.7-2018-q2-update.win32_1.0.0.201904181610/tools/bin/../lib/gcc/arm-none-eabi/7.3.1/thumb/v7e-m/fpv4-sp/hard/crtbegin.o
 .ARM.attributes
                0x0000000000000056       0x39 Core/Src/main.o
 .ARM.attributes
                0x000000000000008f       0x39 Core/Src/stm32g4xx_hal_msp.o
 .ARM.attributes
                0x00000000000000c8       0x39 Core/Src/stm32g4xx_it.o
 .ARM.attributes
                0x0000000000000101       0x39 Core/Src/system_stm32g4xx.o
 .ARM.attributes
                0x000000000000013a       0x21 Core/Startup/startup_stm32g431rbtx.o
 .ARM.attributes
                0x000000000000015b       0x39 Drivers/STM32G4xx_HAL_Driver/Src/stm32g4xx_hal.o
 .ARM.attributes
                0x0000000000000194       0x39 Drivers/STM32G4xx_HAL_Driver/Src/stm32g4xx_hal_cortex.o
 .ARM.attributes
                0x00000000000001cd       0x39 Drivers/STM32G4xx_HAL_Driver/Src/stm32g4xx_hal_dma.o
 .ARM.attributes
                0x0000000000000206       0x39 Drivers/STM32G4xx_HAL_Driver/Src/stm32g4xx_hal_gpio.o
 .ARM.attributes
                0x000000000000023f       0x39 Drivers/STM32G4xx_HAL_Driver/Src/stm32g4xx_hal_pwr_ex.o
 .ARM.attributes
                0x0000000000000278       0x39 Drivers/STM32G4xx_HAL_Driver/Src/stm32g4xx_hal_rcc.o
 .ARM.attributes
                0x00000000000002b1       0x39 Drivers/STM32G4xx_HAL_Driver/Src/stm32g4xx_hal_rcc_ex.o
 .ARM.attributes
                0x00000000000002ea       0x39 Drivers/STM32G4xx_HAL_Driver/Src/stm32g4xx_hal_tim.o
 .ARM.attributes
                0x0000000000000323       0x39 Drivers/STM32G4xx_HAL_Driver/Src/stm32g4xx_hal_tim_ex.o
 .ARM.attributes
                0x000000000000035c       0x39 Drivers/STM32G4xx_HAL_Driver/Src/stm32g4xx_hal_uart.o
 .ARM.attributes
                0x0000000000000395       0x39 Drivers/STM32G4xx_HAL_Driver/Src/stm32g4xx_hal_uart_ex.o
 .ARM.attributes
                0x00000000000003ce       0x34 d:/stm32/stm32cubeide/stm32cubeide_1.2.0/stm32cubeide/plugins/com.st.stm32cube.ide.mcu.externaltools.gnu-tools-for-stm32.7-2018-q2-update.win32_1.0.0.201904181610/tools/bin/../lib/gcc/arm-none-eabi/7.3.1/../../../../arm-none-eabi/lib/thumb/v7e-m/fpv4-sp/hard\libc_nano.a(lib_a-init.o)
 .ARM.attributes
                0x0000000000000402       0x34 d:/stm32/stm32cubeide/stm32cubeide_1.2.0/stm32cubeide/plugins/com.st.stm32cube.ide.mcu.externaltools.gnu-tools-for-stm32.7-2018-q2-update.win32_1.0.0.201904181610/tools/bin/../lib/gcc/arm-none-eabi/7.3.1/../../../../arm-none-eabi/lib/thumb/v7e-m/fpv4-sp/hard\libc_nano.a(lib_a-memset.o)
 .ARM.attributes
                0x0000000000000436       0x22 d:/stm32/stm32cubeide/stm32cubeide_1.2.0/stm32cubeide/plugins/com.st.stm32cube.ide.mcu.externaltools.gnu-tools-for-stm32.7-2018-q2-update.win32_1.0.0.201904181610/tools/bin/../lib/gcc/arm-none-eabi/7.3.1/thumb/v7e-m/fpv4-sp/hard\libgcc.a(_aeabi_uldivmod.o)
 .ARM.attributes
                0x0000000000000458       0x34 d:/stm32/stm32cubeide/stm32cubeide_1.2.0/stm32cubeide/plugins/com.st.stm32cube.ide.mcu.externaltools.gnu-tools-for-stm32.7-2018-q2-update.win32_1.0.0.201904181610/tools/bin/../lib/gcc/arm-none-eabi/7.3.1/thumb/v7e-m/fpv4-sp/hard\libgcc.a(_udivmoddi4.o)
 .ARM.attributes
                0x000000000000048c       0x22 d:/stm32/stm32cubeide/stm32cubeide_1.2.0/stm32cubeide/plugins/com.st.stm32cube.ide.mcu.externaltools.gnu-tools-for-stm32.7-2018-q2-update.win32_1.0.0.201904181610/tools/bin/../lib/gcc/arm-none-eabi/7.3.1/thumb/v7e-m/fpv4-sp/hard\libgcc.a(_dvmd_tls.o)
 .ARM.attributes
                0x00000000000004ae       0x22 d:/stm32/stm32cubeide/stm32cubeide_1.2.0/stm32cubeide/plugins/com.st.stm32cube.ide.mcu.externaltools.gnu-tools-for-stm32.7-2018-q2-update.win32_1.0.0.201904181610/tools/bin/../lib/gcc/arm-none-eabi/7.3.1/thumb/v7e-m/fpv4-sp/hard/crtn.o
OUTPUT(UART1.elf elf32-littlearm)

.debug_info     0x0000000000000000     0xfecd
 .debug_info    0x0000000000000000     0x1ecc Core/Src/main.o
 .debug_info    0x0000000000001ecc     0x1447 Core/Src/stm32g4xx_hal_msp.o
 .debug_info    0x0000000000003313      0x949 Core/Src/stm32g4xx_it.o
 .debug_info    0x0000000000003c5c      0x6af Core/Src/system_stm32g4xx.o
 .debug_info    0x000000000000430b       0x22 Core/Startup/startup_stm32g431rbtx.o
 .debug_info    0x000000000000432d      0xb9b Drivers/STM32G4xx_HAL_Driver/Src/stm32g4xx_hal.o
 .debug_info    0x0000000000004ec8      0xebb Drivers/STM32G4xx_HAL_Driver/Src/stm32g4xx_hal_cortex.o
 .debug_info    0x0000000000005d83      0xa07 Drivers/STM32G4xx_HAL_Driver/Src/stm32g4xx_hal_dma.o
 .debug_info    0x000000000000678a      0x969 Drivers/STM32G4xx_HAL_Driver/Src/stm32g4xx_hal_gpio.o
 .debug_info    0x00000000000070f3      0xa9c Drivers/STM32G4xx_HAL_Driver/Src/stm32g4xx_hal_pwr_ex.o
 .debug_info    0x0000000000007b8f      0xca5 Drivers/STM32G4xx_HAL_Driver/Src/stm32g4xx_hal_rcc.o
 .debug_info    0x0000000000008834      0xd92 Drivers/STM32G4xx_HAL_Driver/Src/stm32g4xx_hal_rcc_ex.o
 .debug_info    0x00000000000095c6     0x2884 Drivers/STM32G4xx_HAL_Driver/Src/stm32g4xx_hal_tim.o
 .debug_info    0x000000000000be4a     0x1a34 Drivers/STM32G4xx_HAL_Driver/Src/stm32g4xx_hal_tim_ex.o
 .debug_info    0x000000000000d87e     0x19d5 Drivers/STM32G4xx_HAL_Driver/Src/stm32g4xx_hal_uart.o
 .debug_info    0x000000000000f253      0xc7a Drivers/STM32G4xx_HAL_Driver/Src/stm32g4xx_hal_uart_ex.o

.debug_abbrev   0x0000000000000000     0x1f25
 .debug_abbrev  0x0000000000000000      0x30c Core/Src/main.o
 .debug_abbrev  0x000000000000030c      0x221 Core/Src/stm32g4xx_hal_msp.o
 .debug_abbrev  0x000000000000052d      0x149 Core/Src/stm32g4xx_it.o
 .debug_abbrev  0x0000000000000676      0x147 Core/Src/system_stm32g4xx.o
 .debug_abbrev  0x00000000000007bd       0x12 Core/Startup/startup_stm32g431rbtx.o
 .debug_abbrev  0x00000000000007cf      0x1fb Drivers/STM32G4xx_HAL_Driver/Src/stm32g4xx_hal.o
 .debug_abbrev  0x00000000000009ca      0x2f1 Drivers/STM32G4xx_HAL_Driver/Src/stm32g4xx_hal_cortex.o
 .debug_abbrev  0x0000000000000cbb      0x1d9 Drivers/STM32G4xx_HAL_Driver/Src/stm32g4xx_hal_dma.o
 .debug_abbrev  0x0000000000000e94      0x1c0 Drivers/STM32G4xx_HAL_Driver/Src/stm32g4xx_hal_gpio.o
 .debug_abbrev  0x0000000000001054      0x1fd Drivers/STM32G4xx_HAL_Driver/Src/stm32g4xx_hal_pwr_ex.o
 .debug_abbrev  0x0000000000001251      0x245 Drivers/STM32G4xx_HAL_Driver/Src/stm32g4xx_hal_rcc.o
 .debug_abbrev  0x0000000000001496      0x204 Drivers/STM32G4xx_HAL_Driver/Src/stm32g4xx_hal_rcc_ex.o
 .debug_abbrev  0x000000000000169a      0x25b Drivers/STM32G4xx_HAL_Driver/Src/stm32g4xx_hal_tim.o
 .debug_abbrev  0x00000000000018f5      0x249 Drivers/STM32G4xx_HAL_Driver/Src/stm32g4xx_hal_tim_ex.o
 .debug_abbrev  0x0000000000001b3e      0x205 Drivers/STM32G4xx_HAL_Driver/Src/stm32g4xx_hal_uart.o
 .debug_abbrev  0x0000000000001d43      0x1e2 Drivers/STM32G4xx_HAL_Driver/Src/stm32g4xx_hal_uart_ex.o

.debug_aranges  0x0000000000000000      0xfd0
 .debug_aranges
                0x0000000000000000       0x78 Core/Src/main.o
 .debug_aranges
                0x0000000000000078       0x50 Core/Src/stm32g4xx_hal_msp.o
 .debug_aranges
                0x00000000000000c8       0x70 Core/Src/stm32g4xx_it.o
 .debug_aranges
                0x0000000000000138       0x28 Core/Src/system_stm32g4xx.o
 .debug_aranges
                0x0000000000000160       0x28 Core/Startup/startup_stm32g431rbtx.o
 .debug_aranges
                0x0000000000000188      0x130 Drivers/STM32G4xx_HAL_Driver/Src/stm32g4xx_hal.o
 .debug_aranges
                0x00000000000002b8      0x118 Drivers/STM32G4xx_HAL_Driver/Src/stm32g4xx_hal_cortex.o
 .debug_aranges
                0x00000000000003d0       0x90 Drivers/STM32G4xx_HAL_Driver/Src/stm32g4xx_hal_dma.o
 .debug_aranges
                0x0000000000000460       0x58 Drivers/STM32G4xx_HAL_Driver/Src/stm32g4xx_hal_gpio.o
 .debug_aranges
                0x00000000000004b8      0x140 Drivers/STM32G4xx_HAL_Driver/Src/stm32g4xx_hal_pwr_ex.o
 .debug_aranges
                0x00000000000005f8       0x98 Drivers/STM32G4xx_HAL_Driver/Src/stm32g4xx_hal_rcc.o
 .debug_aranges
                0x0000000000000690       0xb0 Drivers/STM32G4xx_HAL_Driver/Src/stm32g4xx_hal_rcc_ex.o
 .debug_aranges
                0x0000000000000740      0x3c8 Drivers/STM32G4xx_HAL_Driver/Src/stm32g4xx_hal_tim.o
 .debug_aranges
                0x0000000000000b08      0x228 Drivers/STM32G4xx_HAL_Driver/Src/stm32g4xx_hal_tim_ex.o
 .debug_aranges
                0x0000000000000d30      0x218 Drivers/STM32G4xx_HAL_Driver/Src/stm32g4xx_hal_uart.o
 .debug_aranges
                0x0000000000000f48       0x88 Drivers/STM32G4xx_HAL_Driver/Src/stm32g4xx_hal_uart_ex.o

.debug_ranges   0x0000000000000000      0xed8
 .debug_ranges  0x0000000000000000       0x68 Core/Src/main.o
 .debug_ranges  0x0000000000000068       0x40 Core/Src/stm32g4xx_hal_msp.o
 .debug_ranges  0x00000000000000a8       0x60 Core/Src/stm32g4xx_it.o
 .debug_ranges  0x0000000000000108       0x18 Core/Src/system_stm32g4xx.o
 .debug_ranges  0x0000000000000120       0x20 Core/Startup/startup_stm32g431rbtx.o
 .debug_ranges  0x0000000000000140      0x120 Drivers/STM32G4xx_HAL_Driver/Src/stm32g4xx_hal.o
 .debug_ranges  0x0000000000000260      0x108 Drivers/STM32G4xx_HAL_Driver/Src/stm32g4xx_hal_cortex.o
 .debug_ranges  0x0000000000000368       0x80 Drivers/STM32G4xx_HAL_Driver/Src/stm32g4xx_hal_dma.o
 .debug_ranges  0x00000000000003e8       0x48 Drivers/STM32G4xx_HAL_Driver/Src/stm32g4xx_hal_gpio.o
 .debug_ranges  0x0000000000000430      0x130 Drivers/STM32G4xx_HAL_Driver/Src/stm32g4xx_hal_pwr_ex.o
 .debug_ranges  0x0000000000000560       0x88 Drivers/STM32G4xx_HAL_Driver/Src/stm32g4xx_hal_rcc.o
 .debug_ranges  0x00000000000005e8       0xa0 Drivers/STM32G4xx_HAL_Driver/Src/stm32g4xx_hal_rcc_ex.o
 .debug_ranges  0x0000000000000688      0x3b8 Drivers/STM32G4xx_HAL_Driver/Src/stm32g4xx_hal_tim.o
 .debug_ranges  0x0000000000000a40      0x218 Drivers/STM32G4xx_HAL_Driver/Src/stm32g4xx_hal_tim_ex.o
 .debug_ranges  0x0000000000000c58      0x208 Drivers/STM32G4xx_HAL_Driver/Src/stm32g4xx_hal_uart.o
 .debug_ranges  0x0000000000000e60       0x78 Drivers/STM32G4xx_HAL_Driver/Src/stm32g4xx_hal_uart_ex.o

.debug_macro    0x0000000000000000    0x1e229
 .debug_macro   0x0000000000000000      0x33d Core/Src/main.o
 .debug_macro   0x000000000000033d      0xa5a Core/Src/main.o
 .debug_macro   0x0000000000000d97      0x15b Core/Src/main.o
 .debug_macro   0x0000000000000ef2       0x2e Core/Src/main.o
 .debug_macro   0x0000000000000f20       0x28 Core/Src/main.o
 .debug_macro   0x0000000000000f48       0x22 Core/Src/main.o
 .debug_macro   0x0000000000000f6a       0x8e Core/Src/main.o
 .debug_macro   0x0000000000000ff8       0x51 Core/Src/main.o
 .debug_macro   0x0000000000001049       0xef Core/Src/main.o
 .debug_macro   0x0000000000001138       0x6a Core/Src/main.o
 .debug_macro   0x00000000000011a2      0x1df Core/Src/main.o
 .debug_macro   0x0000000000001381       0x1c Core/Src/main.o
 .debug_macro   0x000000000000139d       0x22 Core/Src/main.o
 .debug_macro   0x00000000000013bf       0xdf Core/Src/main.o
 .debug_macro   0x000000000000149e     0x102d Core/Src/main.o
 .debug_macro   0x00000000000024cb      0x11f Core/Src/main.o
 .debug_macro   0x00000000000025ea    0x113ab Core/Src/main.o
 .debug_macro   0x0000000000013995       0x43 Core/Src/main.o
 .debug_macro   0x00000000000139d8     0x34ae Core/Src/main.o
 .debug_macro   0x0000000000016e86      0x174 Core/Src/main.o
 .debug_macro   0x0000000000016ffa       0x5a Core/Src/main.o
 .debug_macro   0x0000000000017054     0x13de Core/Src/main.o
 .debug_macro   0x0000000000018432      0x535 Core/Src/main.o
 .debug_macro   0x0000000000018967      0x137 Core/Src/main.o
 .debug_macro   0x0000000000018a9e      0x26d Core/Src/main.o
 .debug_macro   0x0000000000018d0b      0x41d Core/Src/main.o
 .debug_macro   0x0000000000019128      0x18b Core/Src/main.o
 .debug_macro   0x00000000000192b3       0x43 Core/Src/main.o
 .debug_macro   0x00000000000192f6      0x23d Core/Src/main.o
 .debug_macro   0x0000000000019533      0x212 Core/Src/main.o
 .debug_macro   0x0000000000019745      0x401 Core/Src/main.o
 .debug_macro   0x0000000000019b46      0x107 Core/Src/main.o
 .debug_macro   0x0000000000019c4d      0x122 Core/Src/main.o
 .debug_macro   0x0000000000019d6f      0x3d1 Core/Src/main.o
 .debug_macro   0x000000000001a140      0xb5c Core/Src/main.o
 .debug_macro   0x000000000001ac9c      0x47e Core/Src/main.o
 .debug_macro   0x000000000001b11a      0x63f Core/Src/main.o
 .debug_macro   0x000000000001b759       0xa6 Core/Src/main.o
 .debug_macro   0x000000000001b7ff      0x307 Core/Src/main.o
 .debug_macro   0x000000000001bb06      0x1eb Core/Src/main.o
 .debug_macro   0x000000000001bcf1       0x46 Core/Src/main.o
 .debug_macro   0x000000000001bd37       0x18 Core/Src/main.o
 .debug_macro   0x000000000001bd4f       0x3c Core/Src/main.o
 .debug_macro   0x000000000001bd8b       0x34 Core/Src/main.o
 .debug_macro   0x000000000001bdbf       0x16 Core/Src/main.o
 .debug_macro   0x000000000001bdd5       0x35 Core/Src/main.o
 .debug_macro   0x000000000001be0a      0x32a Core/Src/main.o
 .debug_macro   0x000000000001c134       0x10 Core/Src/main.o
 .debug_macro   0x000000000001c144       0x52 Core/Src/main.o
 .debug_macro   0x000000000001c196       0x1f Core/Src/main.o
 .debug_macro   0x000000000001c1b5       0x43 Core/Src/main.o
 .debug_macro   0x000000000001c1f8       0x20 Core/Src/main.o
 .debug_macro   0x000000000001c218      0x1a3 Core/Src/main.o
 .debug_macro   0x000000000001c3bb       0x10 Core/Src/main.o
 .debug_macro   0x000000000001c3cb       0x1c Core/Src/main.o
 .debug_macro   0x000000000001c3e7       0x52 Core/Src/main.o
 .debug_macro   0x000000000001c439       0x40 Core/Src/main.o
 .debug_macro   0x000000000001c479       0x10 Core/Src/main.o
 .debug_macro   0x000000000001c489       0x40 Core/Src/main.o
 .debug_macro   0x000000000001c4c9       0xd7 Core/Src/main.o
 .debug_macro   0x000000000001c5a0       0x1c Core/Src/main.o
 .debug_macro   0x000000000001c5bc       0x3d Core/Src/main.o
 .debug_macro   0x000000000001c5f9       0x16 Core/Src/main.o
 .debug_macro   0x000000000001c60f      0x145 Core/Src/main.o
 .debug_macro   0x000000000001c754      0x1e1 Core/Src/stm32g4xx_hal_msp.o
 .debug_macro   0x000000000001c935      0x1eb Core/Src/stm32g4xx_it.o
 .debug_macro   0x000000000001cb20      0x1d4 Core/Src/system_stm32g4xx.o
 .debug_macro   0x000000000001ccf4      0x21c Drivers/STM32G4xx_HAL_Driver/Src/stm32g4xx_hal.o
 .debug_macro   0x000000000001cf10      0x1ce Drivers/STM32G4xx_HAL_Driver/Src/stm32g4xx_hal_cortex.o
 .debug_macro   0x000000000001d0de      0x1ce Drivers/STM32G4xx_HAL_Driver/Src/stm32g4xx_hal_dma.o
 .debug_macro   0x000000000001d2ac      0x206 Drivers/STM32G4xx_HAL_Driver/Src/stm32g4xx_hal_gpio.o
 .debug_macro   0x000000000001d4b2      0x1f8 Drivers/STM32G4xx_HAL_Driver/Src/stm32g4xx_hal_pwr_ex.o
 .debug_macro   0x000000000001d6aa      0x20a Drivers/STM32G4xx_HAL_Driver/Src/stm32g4xx_hal_rcc.o
 .debug_macro   0x000000000001d8b4      0x1f8 Drivers/STM32G4xx_HAL_Driver/Src/stm32g4xx_hal_rcc_ex.o
 .debug_macro   0x000000000001daac      0x1d6 Drivers/STM32G4xx_HAL_Driver/Src/stm32g4xx_hal_tim.o
 .debug_macro   0x000000000001dc82      0x1d4 Drivers/STM32G4xx_HAL_Driver/Src/stm32g4xx_hal_tim_ex.o
 .debug_macro   0x000000000001de56      0x1f9 Drivers/STM32G4xx_HAL_Driver/Src/stm32g4xx_hal_uart.o
 .debug_macro   0x000000000001e04f      0x1da Drivers/STM32G4xx_HAL_Driver/Src/stm32g4xx_hal_uart_ex.o

.debug_line     0x0000000000000000     0xc0d4
 .debug_line    0x0000000000000000      0xc8d Core/Src/main.o
 .debug_line    0x0000000000000c8d      0x84a Core/Src/stm32g4xx_hal_msp.o
 .debug_line    0x00000000000014d7      0x829 Core/Src/stm32g4xx_it.o
 .debug_line    0x0000000000001d00      0x765 Core/Src/system_stm32g4xx.o
 .debug_line    0x0000000000002465       0x89 Core/Startup/startup_stm32g431rbtx.o
 .debug_line    0x00000000000024ee      0x9e9 Drivers/STM32G4xx_HAL_Driver/Src/stm32g4xx_hal.o
 .debug_line    0x0000000000002ed7      0xa71 Drivers/STM32G4xx_HAL_Driver/Src/stm32g4xx_hal_cortex.o
 .debug_line    0x0000000000003948      0x9b4 Drivers/STM32G4xx_HAL_Driver/Src/stm32g4xx_hal_dma.o
 .debug_line    0x00000000000042fc      0x8ef Drivers/STM32G4xx_HAL_Driver/Src/stm32g4xx_hal_gpio.o
 .debug_line    0x0000000000004beb      0xad6 Drivers/STM32G4xx_HAL_Driver/Src/stm32g4xx_hal_pwr_ex.o
 .debug_line    0x00000000000056c1      0xa2a Drivers/STM32G4xx_HAL_Driver/Src/stm32g4xx_hal_rcc.o
 .debug_line    0x00000000000060eb      0xbd4 Drivers/STM32G4xx_HAL_Driver/Src/stm32g4xx_hal_rcc_ex.o
 .debug_line    0x0000000000006cbf     0x1cb1 Drivers/STM32G4xx_HAL_Driver/Src/stm32g4xx_hal_tim.o
 .debug_line    0x0000000000008970     0x1122 Drivers/STM32G4xx_HAL_Driver/Src/stm32g4xx_hal_tim_ex.o
 .debug_line    0x0000000000009a92     0x1c88 Drivers/STM32G4xx_HAL_Driver/Src/stm32g4xx_hal_uart.o
 .debug_line    0x000000000000b71a      0x9ba Drivers/STM32G4xx_HAL_Driver/Src/stm32g4xx_hal_uart_ex.o

.debug_str      0x0000000000000000    0xc5183
 .debug_str     0x0000000000000000    0xc11dc Core/Src/main.o
                                      0xc15e3 (size before relaxing)
 .debug_str     0x00000000000c11dc      0x11e Core/Src/stm32g4xx_hal_msp.o
                                      0xbd0f1 (size before relaxing)
 .debug_str     0x00000000000c12fa       0xe1 Core/Src/stm32g4xx_it.o
                                      0xbc87b (size before relaxing)
 .debug_str     0x00000000000c13db       0xc6 Core/Src/system_stm32g4xx.o
                                      0xbb9e6 (size before relaxing)
 .debug_str     0x00000000000c14a1       0x36 Core/Startup/startup_stm32g431rbtx.o
                                         0x53 (size before relaxing)
 .debug_str     0x00000000000c14d7      0x58e Drivers/STM32G4xx_HAL_Driver/Src/stm32g4xx_hal.o
                                      0xbc497 (size before relaxing)
 .debug_str     0x00000000000c1a65      0x392 Drivers/STM32G4xx_HAL_Driver/Src/stm32g4xx_hal_cortex.o
                                      0xbc1ab (size before relaxing)
 .debug_str     0x00000000000c1df7      0x2ce Drivers/STM32G4xx_HAL_Driver/Src/stm32g4xx_hal_dma.o
                                      0xbbda4 (size before relaxing)
 .debug_str     0x00000000000c20c5      0x21c Drivers/STM32G4xx_HAL_Driver/Src/stm32g4xx_hal_gpio.o
                                      0xbbc53 (size before relaxing)
 .debug_str     0x00000000000c22e1      0x476 Drivers/STM32G4xx_HAL_Driver/Src/stm32g4xx_hal_pwr_ex.o
                                      0xbbec9 (size before relaxing)
 .debug_str     0x00000000000c2757      0x3ab Drivers/STM32G4xx_HAL_Driver/Src/stm32g4xx_hal_rcc.o
                                      0xbbf5f (size before relaxing)
 .debug_str     0x00000000000c2b02      0x3f2 Drivers/STM32G4xx_HAL_Driver/Src/stm32g4xx_hal_rcc_ex.o
                                      0xbc078 (size before relaxing)
 .debug_str     0x00000000000c2ef4      0xdaf Drivers/STM32G4xx_HAL_Driver/Src/stm32g4xx_hal_tim.o
                                      0xbcbe0 (size before relaxing)
 .debug_str     0x00000000000c3ca3      0x9d1 Drivers/STM32G4xx_HAL_Driver/Src/stm32g4xx_hal_tim_ex.o
                                      0xbc87e (size before relaxing)
 .debug_str     0x00000000000c4674      0x889 Drivers/STM32G4xx_HAL_Driver/Src/stm32g4xx_hal_uart.o
                                      0xbc748 (size before relaxing)
 .debug_str     0x00000000000c4efd      0x286 Drivers/STM32G4xx_HAL_Driver/Src/stm32g4xx_hal_uart_ex.o
                                      0xbbfb7 (size before relaxing)

.comment        0x0000000000000000       0x7b
 .comment       0x0000000000000000       0x7b Core/Src/main.o
                                         0x7c (size before relaxing)
 .comment       0x000000000000007b       0x7c Core/Src/stm32g4xx_hal_msp.o
 .comment       0x000000000000007b       0x7c Core/Src/stm32g4xx_it.o
 .comment       0x000000000000007b       0x7c Core/Src/system_stm32g4xx.o
 .comment       0x000000000000007b       0x7c Drivers/STM32G4xx_HAL_Driver/Src/stm32g4xx_hal.o
 .comment       0x000000000000007b       0x7c Drivers/STM32G4xx_HAL_Driver/Src/stm32g4xx_hal_cortex.o
 .comment       0x000000000000007b       0x7c Drivers/STM32G4xx_HAL_Driver/Src/stm32g4xx_hal_dma.o
 .comment       0x000000000000007b       0x7c Drivers/STM32G4xx_HAL_Driver/Src/stm32g4xx_hal_gpio.o
 .comment       0x000000000000007b       0x7c Drivers/STM32G4xx_HAL_Driver/Src/stm32g4xx_hal_pwr_ex.o
 .comment       0x000000000000007b       0x7c Drivers/STM32G4xx_HAL_Driver/Src/stm32g4xx_hal_rcc.o
 .comment       0x000000000000007b       0x7c Drivers/STM32G4xx_HAL_Driver/Src/stm32g4xx_hal_rcc_ex.o
 .comment       0x000000000000007b       0x7c Drivers/STM32G4xx_HAL_Driver/Src/stm32g4xx_hal_tim.o
 .comment       0x000000000000007b       0x7c Drivers/STM32G4xx_HAL_Driver/Src/stm32g4xx_hal_tim_ex.o
 .comment       0x000000000000007b       0x7c Drivers/STM32G4xx_HAL_Driver/Src/stm32g4xx_hal_uart.o
 .comment       0x000000000000007b       0x7c Drivers/STM32G4xx_HAL_Driver/Src/stm32g4xx_hal_uart_ex.o

.debug_frame    0x0000000000000000     0x42f0
 .debug_frame   0x0000000000000000      0x1a4 Core/Src/main.o
 .debug_frame   0x00000000000001a4      0x110 Core/Src/stm32g4xx_hal_msp.o
 .debug_frame   0x00000000000002b4      0x144 Core/Src/stm32g4xx_it.o
 .debug_frame   0x00000000000003f8       0x58 Core/Src/system_stm32g4xx.o
 .debug_frame   0x0000000000000450      0x4a0 Drivers/STM32G4xx_HAL_Driver/Src/stm32g4xx_hal.o
 .debug_frame   0x00000000000008f0      0x498 Drivers/STM32G4xx_HAL_Driver/Src/stm32g4xx_hal_cortex.o
 .debug_frame   0x0000000000000d88      0x24c Drivers/STM32G4xx_HAL_Driver/Src/stm32g4xx_hal_dma.o
 .debug_frame   0x0000000000000fd4      0x14c Drivers/STM32G4xx_HAL_Driver/Src/stm32g4xx_hal_gpio.o
 .debug_frame   0x0000000000001120      0x4fc Drivers/STM32G4xx_HAL_Driver/Src/stm32g4xx_hal_pwr_ex.o
 .debug_frame   0x000000000000161c      0x23c Drivers/STM32G4xx_HAL_Driver/Src/stm32g4xx_hal_rcc.o
 .debug_frame   0x0000000000001858      0x2ac Drivers/STM32G4xx_HAL_Driver/Src/stm32g4xx_hal_rcc_ex.o
 .debug_frame   0x0000000000001b04     0x1190 Drivers/STM32G4xx_HAL_Driver/Src/stm32g4xx_hal_tim.o
 .debug_frame   0x0000000000002c94      0x9f0 Drivers/STM32G4xx_HAL_Driver/Src/stm32g4xx_hal_tim_ex.o
 .debug_frame   0x0000000000003684      0x994 Drivers/STM32G4xx_HAL_Driver/Src/stm32g4xx_hal_uart.o
 .debug_frame   0x0000000000004018      0x22c Drivers/STM32G4xx_HAL_Driver/Src/stm32g4xx_hal_uart_ex.o
 .debug_frame   0x0000000000004244       0x2c d:/stm32/stm32cubeide/stm32cubeide_1.2.0/stm32cubeide/plugins/com.st.stm32cube.ide.mcu.externaltools.gnu-tools-for-stm32.7-2018-q2-update.win32_1.0.0.201904181610/tools/bin/../lib/gcc/arm-none-eabi/7.3.1/../../../../arm-none-eabi/lib/thumb/v7e-m/fpv4-sp/hard\libc_nano.a(lib_a-init.o)
 .debug_frame   0x0000000000004270       0x20 d:/stm32/stm32cubeide/stm32cubeide_1.2.0/stm32cubeide/plugins/com.st.stm32cube.ide.mcu.externaltools.gnu-tools-for-stm32.7-2018-q2-update.win32_1.0.0.201904181610/tools/bin/../lib/gcc/arm-none-eabi/7.3.1/../../../../arm-none-eabi/lib/thumb/v7e-m/fpv4-sp/hard\libc_nano.a(lib_a-memset.o)
 .debug_frame   0x0000000000004290       0x2c d:/stm32/stm32cubeide/stm32cubeide_1.2.0/stm32cubeide/plugins/com.st.stm32cube.ide.mcu.externaltools.gnu-tools-for-stm32.7-2018-q2-update.win32_1.0.0.201904181610/tools/bin/../lib/gcc/arm-none-eabi/7.3.1/thumb/v7e-m/fpv4-sp/hard\libgcc.a(_aeabi_uldivmod.o)
 .debug_frame   0x00000000000042bc       0x34 d:/stm32/stm32cubeide/stm32cubeide_1.2.0/stm32cubeide/plugins/com.st.stm32cube.ide.mcu.externaltools.gnu-tools-for-stm32.7-2018-q2-update.win32_1.0.0.201904181610/tools/bin/../lib/gcc/arm-none-eabi/7.3.1/thumb/v7e-m/fpv4-sp/hard\libgcc.a(_udivmoddi4.o)
